// Jest Snapshot v1, https://goo.gl/fbAQLP

exports[`Check for dashboard 1`] = `
<DocumentFragment>
  <div
    class="sc-bdVaJa bubYkx"
  >
    <h1
      class="sc-bwzfXH cprBNA"
    >
      Hello!
    </h1>
    <form
      class="sc-htpNat exKjCZ"
    >
      <label
        for="username"
      >
        Username
      </label>
      <input
        class="sc-bxivhb bboGsa"
        id="username"
        type="text"
        value=""
      />
      <label
        for="password"
      >
        Password
      </label>
      <input
        class="sc-ifAKCX gAKSmR"
        id="password"
        type="password"
        value=""
      />
      <div
        class="warning sc-bZQynM ingVyq"
      />
      <button
        class="sc-EHOje iILhao"
        to="/dashboard"
      >
        Sign In
      </button>
    </form>
  </div>
</DocumentFragment>
`;
